// Jest Snapshot v1, https://goo.gl/fbAQLP

exports[`ProfileForm component test with Enzyme renders snapshot 1`] = `
<styled.div>
  <styled.div>
    <styled.form
      onSubmit={[Function]}
    >
      <styled.div>
        <styled.div>
          Name
          :
        </styled.div>
        <styled.input
          name="name"
          onChange={[Function]}
          placeholder="Name"
          type="text"
          value="testName"
        />
      </styled.div>
      <styled.div>
        <styled.div>
          Surname
          :
        </styled.div>
        <styled.input
          name="surname"
          onChange={[Function]}
          placeholder="Surname"
          type="text"
          value="testSurname"
        />
      </styled.div>
      <styled.div>
        <styled.div>
          Email
          :
        </styled.div>
        <styled.input
          name="email"
          onChange={[Function]}
          placeholder="Email"
          type="email"
          value="test@email.com"
        />
      </styled.div>
      <styled.div>
        <styled.div>
          Gender
          :
        </styled.div>
        <styled.select
          name="gender"
          onChange={[Function]}
          value="testGender"
        >
          <styled.option
            value="Other"
          >
            Select Category
          </styled.option>
          <styled.option
            value="male"
          >
            Male
          </styled.option>
          <styled.option
            value="female"
          >
            Female
          </styled.option>
          <styled.option
            value="Other"
          >
            Other
          </styled.option>
        </styled.select>
      </styled.div>
      <styled.div>
        <styled.div>
          BirthDay
          :
        </styled.div>
        <Styled(o)
          dropdownMode="select"
          onChange={[Function]}
          peekNextMonth={true}
          selected={NaN}
          showMonthDropdown={true}
          showYearDropdown={true}
        />
      </styled.div>
      <styled.div>
        <styled.div>
          Phone
          :
        </styled.div>
        <styled.input
          name="phoneNumber"
          onChange={[Function]}
          pattern="[0-9]{8}"
          placeholder="93123456"
          type="tel"
          value="123456789"
        />
      </styled.div>
      <styled.button>
         
        Update
      </styled.button>
      <styled.button
        onClick={[Function]}
      >
        Cancel
      </styled.button>
    </styled.form>
  </styled.div>
</styled.div>
`;
